<?xml version="1.0" encoding="UTF-8"?>
<testsuites>
  <testsuite name="/app/phpunit-ci.xml" tests="72" assertions="243" errors="0" failures="0" skipped="0" time="2.191321">
    <testsuite name="Unit" tests="71" assertions="241" errors="0" failures="0" skipped="0" time="2.042748">
      <testsuite name="Tests\Unit\Playground\Make\Configuration\Configuration\InstanceTest" file="/app/tests/Unit/Configuration/Configuration/InstanceTest.php" tests="2" assertions="5" errors="0" failures="0" skipped="0" time="0.195495">
        <testcase name="test_instance" file="/app/tests/Unit/Configuration/Configuration/InstanceTest.php" line="24" class="Tests\Unit\Playground\Make\Configuration\Configuration\InstanceTest" classname="Tests.Unit.Playground.Make.Configuration.Configuration.InstanceTest" assertions="1" time="0.166412"/>
        <testcase name="test_instance_apply_without_options" file="/app/tests/Unit/Configuration/Configuration/InstanceTest.php" line="37" class="Tests\Unit\Playground\Make\Configuration\Configuration\InstanceTest" classname="Tests.Unit.Playground.Make.Configuration.Configuration.InstanceTest" assertions="4" time="0.029083"/>
      </testsuite>
      <testsuite name="Tests\Unit\Playground\Make\Configuration\Configuration\PropertiesTest" file="/app/tests/Unit/Configuration/Configuration/PropertiesTest.php" tests="3" assertions="12" errors="0" failures="0" skipped="0" time="0.079981">
        <testcase name="test_properties" file="/app/tests/Unit/Configuration/Configuration/PropertiesTest.php" line="29" class="Tests\Unit\Playground\Make\Configuration\Configuration\PropertiesTest" classname="Tests.Unit.Playground.Make.Configuration.Configuration.PropertiesTest" assertions="5" time="0.027336"/>
        <testcase name="test_properties_with_all_options_without_apply" file="/app/tests/Unit/Configuration/Configuration/PropertiesTest.php" line="49" class="Tests\Unit\Playground\Make\Configuration\Configuration\PropertiesTest" classname="Tests.Unit.Playground.Make.Configuration.Configuration.PropertiesTest" assertions="3" time="0.026209"/>
        <testcase name="test_properties_with_all_options_with_apply" file="/app/tests/Unit/Configuration/Configuration/PropertiesTest.php" line="67" class="Tests\Unit\Playground\Make\Configuration\Configuration\PropertiesTest" classname="Tests.Unit.Playground.Make.Configuration.Configuration.PropertiesTest" assertions="4" time="0.026436"/>
      </testsuite>
      <testsuite name="Tests\Unit\Playground\Make\Configuration\Model\AttributesTest" file="/app/tests/Unit/Configuration/Model/AttributesTest.php" tests="6" assertions="14" errors="0" failures="0" skipped="0" time="0.175918">
        <testcase name="test_add_model_properties_with_empty_options" file="/app/tests/Unit/Configuration/Model/AttributesTest.php" line="24" class="Tests\Unit\Playground\Make\Configuration\Model\AttributesTest" classname="Tests.Unit.Playground.Make.Configuration.Model.AttributesTest" assertions="4" time="0.031934"/>
        <testcase name="test_add_attribute_with_invalid_column" file="/app/tests/Unit/Configuration/Model/AttributesTest.php" line="40" class="Tests\Unit\Playground\Make\Configuration\Model\AttributesTest" classname="Tests.Unit.Playground.Make.Configuration.Model.AttributesTest" assertions="2" time="0.029150"/>
        <testcase name="test_add_attribute_with_invalid_default_value_of_array" file="/app/tests/Unit/Configuration/Model/AttributesTest.php" line="58" class="Tests\Unit\Playground\Make\Configuration\Model\AttributesTest" classname="Tests.Unit.Playground.Make.Configuration.Model.AttributesTest" assertions="2" time="0.027943"/>
        <testcase name="test_add_cast_with_invalid_column_and_set_empty_string" file="/app/tests/Unit/Configuration/Model/AttributesTest.php" line="74" class="Tests\Unit\Playground\Make\Configuration\Model\AttributesTest" classname="Tests.Unit.Playground.Make.Configuration.Model.AttributesTest" assertions="2" time="0.029728"/>
        <testcase name="test_add_cast_with_invalid_cast_value_and_treat_as_string" file="/app/tests/Unit/Configuration/Model/AttributesTest.php" line="92" class="Tests\Unit\Playground\Make\Configuration\Model\AttributesTest" classname="Tests.Unit.Playground.Make.Configuration.Model.AttributesTest" assertions="2" time="0.027984"/>
        <testcase name="test_add_fillable_with_invalid_column" file="/app/tests/Unit/Configuration/Model/AttributesTest.php" line="107" class="Tests\Unit\Playground\Make\Configuration\Model\AttributesTest" classname="Tests.Unit.Playground.Make.Configuration.Model.AttributesTest" assertions="2" time="0.029178"/>
      </testsuite>
      <testsuite name="Tests\Unit\Playground\Make\Configuration\Model\Create\InstanceTest" file="/app/tests/Unit/Configuration/Model/Create/InstanceTest.php" tests="3" assertions="7" errors="0" failures="0" skipped="0" time="0.079992">
        <testcase name="test_instance" file="/app/tests/Unit/Configuration/Model/Create/InstanceTest.php" line="23" class="Tests\Unit\Playground\Make\Configuration\Model\Create\InstanceTest" classname="Tests.Unit.Playground.Make.Configuration.Model.Create.InstanceTest" assertions="1" time="0.026484"/>
        <testcase name="test_model_with_file_json_serialize" file="/app/tests/Unit/Configuration/Model/Create/InstanceTest.php" line="46" class="Tests\Unit\Playground\Make\Configuration\Model\Create\InstanceTest" classname="Tests.Unit.Playground.Make.Configuration.Model.Create.InstanceTest" assertions="4" time="0.025925"/>
        <testcase name="test_set_options_unsupported_primary_and_log_message" file="/app/tests/Unit/Configuration/Model/Create/InstanceTest.php" line="77" class="Tests\Unit\Playground\Make\Configuration\Model\Create\InstanceTest" classname="Tests.Unit.Playground.Make.Configuration.Model.Create.InstanceTest" assertions="2" time="0.027583"/>
      </testsuite>
      <testsuite name="Tests\Unit\Playground\Make\Configuration\Model\CreateColumn\InstanceTest" file="/app/tests/Unit/Configuration/Model/CreateColumn/InstanceTest.php" tests="12" assertions="22" errors="0" failures="0" skipped="0" time="0.328138">
        <testcase name="test_instance" file="/app/tests/Unit/Configuration/Model/CreateColumn/InstanceTest.php" line="23" class="Tests\Unit\Playground\Make\Configuration\Model\CreateColumn\InstanceTest" classname="Tests.Unit.Playground.Make.Configuration.Model.CreateColumn.InstanceTest" assertions="1" time="0.027465"/>
        <testcase name="test_model_with_file" file="/app/tests/Unit/Configuration/Model/CreateColumn/InstanceTest.php" line="51" class="Tests\Unit\Playground\Make\Configuration\Model\CreateColumn\InstanceTest" classname="Tests.Unit.Playground.Make.Configuration.Model.CreateColumn.InstanceTest" assertions="1" time="0.031942"/>
        <testcase name="test_set_options_unsupported_primary_and_ignore" file="/app/tests/Unit/Configuration/Model/CreateColumn/InstanceTest.php" line="62" class="Tests\Unit\Playground\Make\Configuration\Model\CreateColumn\InstanceTest" classname="Tests.Unit.Playground.Make.Configuration.Model.CreateColumn.InstanceTest" assertions="2" time="0.026144"/>
        <testcase name="test_add_id_with_empty_column" file="/app/tests/Unit/Configuration/Model/CreateColumn/InstanceTest.php" line="92" class="Tests\Unit\Playground\Make\Configuration\Model\CreateColumn\InstanceTest" classname="Tests.Unit.Playground.Make.Configuration.Model.CreateColumn.InstanceTest" assertions="2" time="0.026110"/>
        <testcase name="test_add_unique_with_empty_column" file="/app/tests/Unit/Configuration/Model/CreateColumn/InstanceTest.php" line="106" class="Tests\Unit\Playground\Make\Configuration\Model\CreateColumn\InstanceTest" classname="Tests.Unit.Playground.Make.Configuration.Model.CreateColumn.InstanceTest" assertions="2" time="0.026508"/>
        <testcase name="test_add_date_with_empty_column" file="/app/tests/Unit/Configuration/Model/CreateColumn/InstanceTest.php" line="120" class="Tests\Unit\Playground\Make\Configuration\Model\CreateColumn\InstanceTest" classname="Tests.Unit.Playground.Make.Configuration.Model.CreateColumn.InstanceTest" assertions="2" time="0.026665"/>
        <testcase name="test_add_flag_with_empty_column" file="/app/tests/Unit/Configuration/Model/CreateColumn/InstanceTest.php" line="134" class="Tests\Unit\Playground\Make\Configuration\Model\CreateColumn\InstanceTest" classname="Tests.Unit.Playground.Make.Configuration.Model.CreateColumn.InstanceTest" assertions="2" time="0.026500"/>
        <testcase name="test_add_column_with_empty_column" file="/app/tests/Unit/Configuration/Model/CreateColumn/InstanceTest.php" line="148" class="Tests\Unit\Playground\Make\Configuration\Model\CreateColumn\InstanceTest" classname="Tests.Unit.Playground.Make.Configuration.Model.CreateColumn.InstanceTest" assertions="2" time="0.026783"/>
        <testcase name="test_add_permission_with_empty_column" file="/app/tests/Unit/Configuration/Model/CreateColumn/InstanceTest.php" line="162" class="Tests\Unit\Playground\Make\Configuration\Model\CreateColumn\InstanceTest" classname="Tests.Unit.Playground.Make.Configuration.Model.CreateColumn.InstanceTest" assertions="2" time="0.027208"/>
        <testcase name="test_add_status_with_empty_column" file="/app/tests/Unit/Configuration/Model/CreateColumn/InstanceTest.php" line="176" class="Tests\Unit\Playground\Make\Configuration\Model\CreateColumn\InstanceTest" classname="Tests.Unit.Playground.Make.Configuration.Model.CreateColumn.InstanceTest" assertions="2" time="0.027276"/>
        <testcase name="test_add_ui_with_empty_column" file="/app/tests/Unit/Configuration/Model/CreateColumn/InstanceTest.php" line="190" class="Tests\Unit\Playground\Make\Configuration\Model\CreateColumn\InstanceTest" classname="Tests.Unit.Playground.Make.Configuration.Model.CreateColumn.InstanceTest" assertions="2" time="0.027579"/>
        <testcase name="test_add_json_with_empty_column" file="/app/tests/Unit/Configuration/Model/CreateColumn/InstanceTest.php" line="204" class="Tests\Unit\Playground\Make\Configuration\Model\CreateColumn\InstanceTest" classname="Tests.Unit.Playground.Make.Configuration.Model.CreateColumn.InstanceTest" assertions="2" time="0.027957"/>
      </testsuite>
      <testsuite name="Tests\Unit\Playground\Make\Configuration\Model\Filter\InstanceTest" file="/app/tests/Unit/Configuration/Model/Filter/InstanceTest.php" tests="2" assertions="2" errors="0" failures="0" skipped="0" time="0.050519">
        <testcase name="test_instance" file="/app/tests/Unit/Configuration/Model/Filter/InstanceTest.php" line="21" class="Tests\Unit\Playground\Make\Configuration\Model\Filter\InstanceTest" classname="Tests.Unit.Playground.Make.Configuration.Model.Filter.InstanceTest" assertions="1" time="0.024979"/>
        <testcase name="test_instance_apply_without_options" file="/app/tests/Unit/Configuration/Model/Filter/InstanceTest.php" line="29" class="Tests\Unit\Playground\Make\Configuration\Model\Filter\InstanceTest" classname="Tests.Unit.Playground.Make.Configuration.Model.Filter.InstanceTest" assertions="1" time="0.025540"/>
      </testsuite>
      <testsuite name="Tests\Unit\Playground\Make\Configuration\Model\Filters\InstanceTest" file="/app/tests/Unit/Configuration/Model/Filters/InstanceTest.php" tests="13" assertions="28" errors="0" failures="0" skipped="0" time="0.344876">
        <testcase name="test_instance" file="/app/tests/Unit/Configuration/Model/Filters/InstanceTest.php" line="22" class="Tests\Unit\Playground\Make\Configuration\Model\Filters\InstanceTest" classname="Tests.Unit.Playground.Make.Configuration.Model.Filters.InstanceTest" assertions="1" time="0.023819"/>
        <testcase name="test_instance_apply_without_options" file="/app/tests/Unit/Configuration/Model/Filters/InstanceTest.php" line="51" class="Tests\Unit\Playground\Make\Configuration\Model\Filters\InstanceTest" classname="Tests.Unit.Playground.Make.Configuration.Model.Filters.InstanceTest" assertions="4" time="0.024546"/>
        <testcase name="test_model_with_file" file="/app/tests/Unit/Configuration/Model/Filters/InstanceTest.php" line="68" class="Tests\Unit\Playground\Make\Configuration\Model\Filters\InstanceTest" classname="Tests.Unit.Playground.Make.Configuration.Model.Filters.InstanceTest" assertions="4" time="0.028173"/>
        <testcase name="test_set_options_with_builder_in_options" file="/app/tests/Unit/Configuration/Model/Filters/InstanceTest.php" line="95" class="Tests\Unit\Playground\Make\Configuration\Model\Filters\InstanceTest" classname="Tests.Unit.Playground.Make.Configuration.Model.Filters.InstanceTest" assertions="1" time="0.026020"/>
        <testcase name="test_add_id_with_empty_meta" file="/app/tests/Unit/Configuration/Model/Filters/InstanceTest.php" line="104" class="Tests\Unit\Playground\Make\Configuration\Model\Filters\InstanceTest" classname="Tests.Unit.Playground.Make.Configuration.Model.Filters.InstanceTest" assertions="2" time="0.025646"/>
        <testcase name="test_add_date_with_empty_meta" file="/app/tests/Unit/Configuration/Model/Filters/InstanceTest.php" line="118" class="Tests\Unit\Playground\Make\Configuration\Model\Filters\InstanceTest" classname="Tests.Unit.Playground.Make.Configuration.Model.Filters.InstanceTest" assertions="2" time="0.026358"/>
        <testcase name="test_add_flag_with_empty_meta" file="/app/tests/Unit/Configuration/Model/Filters/InstanceTest.php" line="132" class="Tests\Unit\Playground\Make\Configuration\Model\Filters\InstanceTest" classname="Tests.Unit.Playground.Make.Configuration.Model.Filters.InstanceTest" assertions="2" time="0.026743"/>
        <testcase name="test_handle_trash_with_empty_meta" file="/app/tests/Unit/Configuration/Model/Filters/InstanceTest.php" line="146" class="Tests\Unit\Playground\Make\Configuration\Model\Filters\InstanceTest" classname="Tests.Unit.Playground.Make.Configuration.Model.Filters.InstanceTest" assertions="2" time="0.027697"/>
        <testcase name="test_add_column_with_empty_meta" file="/app/tests/Unit/Configuration/Model/Filters/InstanceTest.php" line="157" class="Tests\Unit\Playground\Make\Configuration\Model\Filters\InstanceTest" classname="Tests.Unit.Playground.Make.Configuration.Model.Filters.InstanceTest" assertions="2" time="0.026785"/>
        <testcase name="test_add_permission_with_empty_meta" file="/app/tests/Unit/Configuration/Model/Filters/InstanceTest.php" line="171" class="Tests\Unit\Playground\Make\Configuration\Model\Filters\InstanceTest" classname="Tests.Unit.Playground.Make.Configuration.Model.Filters.InstanceTest" assertions="2" time="0.026935"/>
        <testcase name="test_add_status_with_empty_meta" file="/app/tests/Unit/Configuration/Model/Filters/InstanceTest.php" line="185" class="Tests\Unit\Playground\Make\Configuration\Model\Filters\InstanceTest" classname="Tests.Unit.Playground.Make.Configuration.Model.Filters.InstanceTest" assertions="2" time="0.026995"/>
        <testcase name="test_add_ui_with_empty_meta" file="/app/tests/Unit/Configuration/Model/Filters/InstanceTest.php" line="199" class="Tests\Unit\Playground\Make\Configuration\Model\Filters\InstanceTest" classname="Tests.Unit.Playground.Make.Configuration.Model.Filters.InstanceTest" assertions="2" time="0.027534"/>
        <testcase name="test_add_json_with_empty_meta" file="/app/tests/Unit/Configuration/Model/Filters/InstanceTest.php" line="213" class="Tests\Unit\Playground\Make\Configuration\Model\Filters\InstanceTest" classname="Tests.Unit.Playground.Make.Configuration.Model.Filters.InstanceTest" assertions="2" time="0.027625"/>
      </testsuite>
      <testsuite name="Tests\Unit\Playground\Make\Configuration\Model\InstanceTest" file="/app/tests/Unit/Configuration/Model/InstanceTest.php" tests="4" assertions="27" errors="0" failures="0" skipped="0" time="0.127925">
        <testcase name="test_instance" file="/app/tests/Unit/Configuration/Model/InstanceTest.php" line="38" class="Tests\Unit\Playground\Make\Configuration\Model\InstanceTest" classname="Tests.Unit.Playground.Make.Configuration.Model.InstanceTest" assertions="1" time="0.024563"/>
        <testcase name="test_instance_apply_without_options" file="/app/tests/Unit/Configuration/Model/InstanceTest.php" line="128" class="Tests\Unit\Playground\Make\Configuration\Model\InstanceTest" classname="Tests.Unit.Playground.Make.Configuration.Model.InstanceTest" assertions="4" time="0.026125"/>
        <testcase name="test_folder_is_empty_by_default" file="/app/tests/Unit/Configuration/Model/InstanceTest.php" line="145" class="Tests\Unit\Playground\Make\Configuration\Model\InstanceTest" classname="Tests.Unit.Playground.Make.Configuration.Model.InstanceTest" assertions="2" time="0.025344"/>
        <testcase name="test_model_with_file_and_skeleton" file="/app/tests/Unit/Configuration/Model/InstanceTest.php" line="153" class="Tests\Unit\Playground\Make\Configuration\Model\InstanceTest" classname="Tests.Unit.Playground.Make.Configuration.Model.InstanceTest" assertions="20" time="0.051893"/>
      </testsuite>
      <testsuite name="Tests\Unit\Playground\Make\Configuration\Model\RelationshipsTest" file="/app/tests/Unit/Configuration/Model/RelationshipsTest.php" tests="4" assertions="8" errors="0" failures="0" skipped="0" time="0.105100">
        <testcase name="test_add_relationships_for_has_one_with_invalid_accessor" file="/app/tests/Unit/Configuration/Model/RelationshipsTest.php" line="24" class="Tests\Unit\Playground\Make\Configuration\Model\RelationshipsTest" classname="Tests.Unit.Playground.Make.Configuration.Model.RelationshipsTest" assertions="2" time="0.025842"/>
        <testcase name="test_add_relationships_for_has_many_with_invalid_accessor" file="/app/tests/Unit/Configuration/Model/RelationshipsTest.php" line="48" class="Tests\Unit\Playground\Make\Configuration\Model\RelationshipsTest" classname="Tests.Unit.Playground.Make.Configuration.Model.RelationshipsTest" assertions="2" time="0.026186"/>
        <testcase name="test_add_has_one_without_meta" file="/app/tests/Unit/Configuration/Model/RelationshipsTest.php" line="75" class="Tests\Unit\Playground\Make\Configuration\Model\RelationshipsTest" classname="Tests.Unit.Playground.Make.Configuration.Model.RelationshipsTest" assertions="2" time="0.025916"/>
        <testcase name="test_add_has_many_without_meta" file="/app/tests/Unit/Configuration/Model/RelationshipsTest.php" line="87" class="Tests\Unit\Playground\Make\Configuration\Model\RelationshipsTest" classname="Tests.Unit.Playground.Make.Configuration.Model.RelationshipsTest" assertions="2" time="0.027157"/>
      </testsuite>
      <testsuite name="Tests\Unit\Playground\Make\Configuration\Model\ScopesTest" file="/app/tests/Unit/Configuration/Model/ScopesTest.php" tests="4" assertions="24" errors="0" failures="0" skipped="0" time="0.103113">
        <testcase name="test_add_scopes_with_sort" file="/app/tests/Unit/Configuration/Model/ScopesTest.php" line="26" class="Tests\Unit\Playground\Make\Configuration\Model\ScopesTest" classname="Tests.Unit.Playground.Make.Configuration.Model.ScopesTest" assertions="9" time="0.024928"/>
        <testcase name="test_add_scope_with_invalid_scope" file="/app/tests/Unit/Configuration/Model/ScopesTest.php" line="56" class="Tests\Unit\Playground\Make\Configuration\Model\ScopesTest" classname="Tests.Unit.Playground.Make.Configuration.Model.ScopesTest" assertions="3" time="0.025765"/>
        <testcase name="test_add_scope_for_sort_without_meta" file="/app/tests/Unit/Configuration/Model/ScopesTest.php" line="73" class="Tests\Unit\Playground\Make\Configuration\Model\ScopesTest" classname="Tests.Unit.Playground.Make.Configuration.Model.ScopesTest" assertions="8" time="0.026060"/>
        <testcase name="test_add_scope_unsupported_scope_and_ignore" file="/app/tests/Unit/Configuration/Model/ScopesTest.php" line="93" class="Tests\Unit\Playground\Make\Configuration\Model\ScopesTest" classname="Tests.Unit.Playground.Make.Configuration.Model.ScopesTest" assertions="4" time="0.026361"/>
      </testsuite>
      <testsuite name="Tests\Unit\Playground\Make\Configuration\Model\SortingTest" file="/app/tests/Unit/Configuration/Model/SortingTest.php" tests="3" assertions="11" errors="0" failures="0" skipped="0" time="0.077028">
        <testcase name="test_add_sortable_without_column" file="/app/tests/Unit/Configuration/Model/SortingTest.php" line="24" class="Tests\Unit\Playground\Make\Configuration\Model\SortingTest" classname="Tests.Unit.Playground.Make.Configuration.Model.SortingTest" assertions="3" time="0.025639"/>
        <testcase name="test_add_sortable_with_index" file="/app/tests/Unit/Configuration/Model/SortingTest.php" line="41" class="Tests\Unit\Playground\Make\Configuration\Model\SortingTest" classname="Tests.Unit.Playground.Make.Configuration.Model.SortingTest" assertions="4" time="0.025528"/>
        <testcase name="test_add_sortable_without_index" file="/app/tests/Unit/Configuration/Model/SortingTest.php" line="58" class="Tests\Unit\Playground\Make\Configuration\Model\SortingTest" classname="Tests.Unit.Playground.Make.Configuration.Model.SortingTest" assertions="4" time="0.025861"/>
      </testsuite>
      <testsuite name="Tests\Unit\Playground\Make\Configuration\PrimaryConfiguration\InstanceTest" file="/app/tests/Unit/Configuration/PrimaryConfiguration/InstanceTest.php" tests="5" assertions="12" errors="0" failures="0" skipped="0" time="0.123492">
        <testcase name="test_instance" file="/app/tests/Unit/Configuration/PrimaryConfiguration/InstanceTest.php" line="24" class="Tests\Unit\Playground\Make\Configuration\PrimaryConfiguration\InstanceTest" classname="Tests.Unit.Playground.Make.Configuration.PrimaryConfiguration.InstanceTest" assertions="1" time="0.024113"/>
        <testcase name="test_instance_apply_without_options" file="/app/tests/Unit/Configuration/PrimaryConfiguration/InstanceTest.php" line="76" class="Tests\Unit\Playground\Make\Configuration\PrimaryConfiguration\InstanceTest" classname="Tests.Unit.Playground.Make.Configuration.PrimaryConfiguration.InstanceTest" assertions="4" time="0.024540"/>
        <testcase name="test_folder_is_empty_by_default" file="/app/tests/Unit/Configuration/PrimaryConfiguration/InstanceTest.php" line="93" class="Tests\Unit\Playground\Make\Configuration\PrimaryConfiguration\InstanceTest" classname="Tests.Unit.Playground.Make.Configuration.PrimaryConfiguration.InstanceTest" assertions="2" time="0.024345"/>
        <testcase name="test_folder_with_empty_set_folder" file="/app/tests/Unit/Configuration/PrimaryConfiguration/InstanceTest.php" line="101" class="Tests\Unit\Playground\Make\Configuration\PrimaryConfiguration\InstanceTest" classname="Tests.Unit.Playground.Make.Configuration.PrimaryConfiguration.InstanceTest" assertions="2" time="0.024633"/>
        <testcase name="test_folder_with_path_for_set_folder" file="/app/tests/Unit/Configuration/PrimaryConfiguration/InstanceTest.php" line="109" class="Tests\Unit\Playground\Make\Configuration\PrimaryConfiguration\InstanceTest" classname="Tests.Unit.Playground.Make.Configuration.PrimaryConfiguration.InstanceTest" assertions="3" time="0.025861"/>
      </testsuite>
      <testsuite name="Tests\Unit\Playground\Make\Configuration\PrimaryConfiguration\PropertiesTest" file="/app/tests/Unit/Configuration/PrimaryConfiguration/PropertiesTest.php" tests="3" assertions="59" errors="0" failures="0" skipped="0" time="0.076758">
        <testcase name="test_properties" file="/app/tests/Unit/Configuration/PrimaryConfiguration/PropertiesTest.php" line="65" class="Tests\Unit\Playground\Make\Configuration\PrimaryConfiguration\PropertiesTest" classname="Tests.Unit.Playground.Make.Configuration.PrimaryConfiguration.PropertiesTest" assertions="5" time="0.024109"/>
        <testcase name="test_properties_with_all_options_without_apply" file="/app/tests/Unit/Configuration/PrimaryConfiguration/PropertiesTest.php" line="87" class="Tests\Unit\Playground\Make\Configuration\PrimaryConfiguration\PropertiesTest" classname="Tests.Unit.Playground.Make.Configuration.PrimaryConfiguration.PropertiesTest" assertions="19" time="0.025889"/>
        <testcase name="test_properties_with_all_options_with_apply" file="/app/tests/Unit/Configuration/PrimaryConfiguration/PropertiesTest.php" line="141" class="Tests\Unit\Playground\Make\Configuration\PrimaryConfiguration\PropertiesTest" classname="Tests.Unit.Playground.Make.Configuration.PrimaryConfiguration.PropertiesTest" assertions="35" time="0.026761"/>
      </testsuite>
      <testsuite name="Tests\Unit\Playground\Make\Configuration\PrimaryConfiguration\SkeletonTest" file="/app/tests/Unit/Configuration/PrimaryConfiguration/SkeletonTest.php" tests="7" assertions="10" errors="0" failures="0" skipped="0" time="0.174412">
        <testcase name="test_skeleton" file="/app/tests/Unit/Configuration/PrimaryConfiguration/SkeletonTest.php" line="21" class="Tests\Unit\Playground\Make\Configuration\PrimaryConfiguration\SkeletonTest" classname="Tests.Unit.Playground.Make.Configuration.PrimaryConfiguration.SkeletonTest" assertions="2" time="0.023917"/>
        <testcase name="test_skeleton_with_skeleton" file="/app/tests/Unit/Configuration/PrimaryConfiguration/SkeletonTest.php" line="31" class="Tests\Unit\Playground\Make\Configuration\PrimaryConfiguration\SkeletonTest" classname="Tests.Unit.Playground.Make.Configuration.PrimaryConfiguration.SkeletonTest" assertions="2" time="0.023862"/>
        <testcase name="test_skeleton_option_as_false" file="/app/tests/Unit/Configuration/PrimaryConfiguration/SkeletonTest.php" line="42" class="Tests\Unit\Playground\Make\Configuration\PrimaryConfiguration\SkeletonTest" classname="Tests.Unit.Playground.Make.Configuration.PrimaryConfiguration.SkeletonTest" assertions="1" time="0.024727"/>
        <testcase name="test_skeleton_option_as_true" file="/app/tests/Unit/Configuration/PrimaryConfiguration/SkeletonTest.php" line="53" class="Tests\Unit\Playground\Make\Configuration\PrimaryConfiguration\SkeletonTest" classname="Tests.Unit.Playground.Make.Configuration.PrimaryConfiguration.SkeletonTest" assertions="1" time="0.024999"/>
        <testcase name="test_skeleton_parameter_as_true" file="/app/tests/Unit/Configuration/PrimaryConfiguration/SkeletonTest.php" line="64" class="Tests\Unit\Playground\Make\Configuration\PrimaryConfiguration\SkeletonTest" classname="Tests.Unit.Playground.Make.Configuration.PrimaryConfiguration.SkeletonTest" assertions="1" time="0.025302"/>
        <testcase name="test_skeleton_parameter_as_false_overrules_option" file="/app/tests/Unit/Configuration/PrimaryConfiguration/SkeletonTest.php" line="73" class="Tests\Unit\Playground\Make\Configuration\PrimaryConfiguration\SkeletonTest" classname="Tests.Unit.Playground.Make.Configuration.PrimaryConfiguration.SkeletonTest" assertions="1" time="0.025499"/>
        <testcase name="test_skeleton_parameter_as_true_overrules_option" file="/app/tests/Unit/Configuration/PrimaryConfiguration/SkeletonTest.php" line="84" class="Tests\Unit\Playground\Make\Configuration\PrimaryConfiguration\SkeletonTest" classname="Tests.Unit.Playground.Make.Configuration.PrimaryConfiguration.SkeletonTest" assertions="2" time="0.026106"/>
      </testsuite>
    </testsuite>
    <testsuite name="Feature" tests="1" assertions="2" errors="0" failures="0" skipped="0" time="0.148574">
      <testsuite name="Tests\Feature\Playground\Make\Console\Commands\About\CommandTest" file="/app/tests/Feature/Console/Commands/About/CommandTest.php" tests="1" assertions="2" errors="0" failures="0" skipped="0" time="0.148574">
        <testcase name="test_command_about_displays_package_information_and_succeed_with_code_0" file="/app/tests/Feature/Console/Commands/About/CommandTest.php" line="30" class="Tests\Feature\Playground\Make\Console\Commands\About\CommandTest" classname="Tests.Feature.Playground.Make.Console.Commands.About.CommandTest" assertions="2" time="0.148574"/>
      </testsuite>
    </testsuite>
  </testsuite>
</testsuites>
